[    0.000000] tsc: Fast TSC calibration using PIT
[    0.000000] tsc: Detected 2400.023 MHz processor
[    0.028000] Calibrating delay loop (skipped), value calculated using timer frequency.. 4800.05 BogoMIPS (lpj=9600104)
[    0.032006] pid_max: default: 32768 minimum: 301
[    0.036020] ACPI: Core revision 20160831
[    0.044803] ACPI: 3 ACPI AML tables successfully acquired and loaded
[    0.048031] Security Framework initialized
[    0.052237] Dentry cache hash table entries: 524288 (order: 10, 4194304 bytes)
[    0.056689] Inode-cache hash table entries: 262144 (order: 9, 2097152 bytes)
[    0.064311] Mount-cache hash table entries: 8192 (order: 4, 65536 bytes)
[    0.068016] Mountpoint-cache hash table entries: 8192 (order: 4, 65536 bytes)
[    0.076250] CPU: Physical Processor ID: 0
[    0.080003] CPU: Processor Core ID: 0
[    0.084032] mce: CPU supports 2 MCE banks
[    0.088028] Last level iTLB entries: 4KB 1024, 2MB 1024, 4MB 1024
[    0.092004] Last level dTLB entries: 4KB 1024, 2MB 1024, 4MB 1024, 1GB 4
[    0.096005] Spectre V2 mitigation: Mitigation: Full generic retpoline
[    0.105072] Freeing SMP alternatives memory: 24K
[    0.113642] ftrace: allocating 21933 entries in 86 pages
[    0.144102] smpboot: Max logical packages: 8
[    0.148607] x2apic: IRQ remapping doesn't support X2APIC mode
[    0.152006] Switched APIC routing to physical flat.
[    0.158057] ..TIMER: vector=0x30 apic1=0 pin1=2 apic2=0 pin2=0
[    0.204235] clocksource: xen: mask: 0xffffffffffffffff max_cycles: 0x1cd42e4dffb, max_idle_ns: 881590591483 ns
[    0.212017] installing Xen timer for CPU 0
[    0.215612] smpboot: CPU0: Intel(R) Xeon(R) CPU E5-2676 v3 @ 2.40GHz (family: 0x6, model: 0x3f, stepping: 0x2)
[    0.220047] cpu 0 spinlock event irq 53
[    0.223605] Performance Events: unsupported p6 CPU model 63 no PMU driver, software events only.
[    0.228604] installing Xen timer for CPU 1
[    0.232059] x86: Booting SMP configuration:
[    0.235347] .... node  #0, CPUs:        #1[    0.239851] cpu 1 spinlock event irq 59
[    0.240006] x86: Booted up 1 node, 2 CPUs
[    0.244006] smpboot: Total of 2 processors activated (9600.10 BogoMIPS)
[    0.248450] devtmpfs: initialized
[    0.250898] x86/mm: Memory block size: 128MB
[    0.256064] clocksource: jiffies: mask: 0xffffffff max_cycles: 0xffffffff, max_idle_ns: 7645041785100000 ns
[    0.260026] futex hash table entries: 4096 (order: 6, 262144 bytes)
[    0.268191] NET: Registered protocol family 16
[    0.288031] cpuidle: using governor ladder
[    0.300012] cpuidle: using governor menu
[    0.304048] ACPI: bus type PCI registered
[    0.307676] acpiphp: ACPI Hot Plug PCI Controller Driver version: 0.5
[    0.308388] PCI: Using configuration type 1 for base access
[    0.328143] HugeTLB registered 2 MB page size, pre-allocated 0 pages
[    0.332095] ACPI: Added _OSI(Module Device)
[    0.335577] ACPI: Added _OSI(Processor Device)
[    0.340011] ACPI: Added _OSI(3.0 _SCP Extensions)
[    0.343805] ACPI: Added _OSI(Processor Aggregator Device)
[    0.352009] ACPI: Interpreter enabled
[    0.352020] ACPI: (supports S0 S4 S5)
[    0.355120] ACPI: Using IOAPIC for interrupt routing
[    0.360064] PCI: Using host bridge windows from ACPI; if necessary, use "pci=nocrs" and report a bug
[    0.380548] random: fast init done
[    0.420411] ACPI: PCI Root Bridge [PCI0] (domain 0000 [bus 00-ff])
[    0.424013] acpi PNP0A03:00: _OSC: OS supports [Segments MSI]
[    0.428016] acpi PNP0A03:00: _OSC failed (AE_NOT_FOUND); disabling ASPM
[    0.432019] acpi PNP0A03:00: fail to add MMCONFIG information, can't access extended PCI configuration space under this bridge.
[    0.437149] acpiphp: Slot [0] registered
[    0.440983] acpiphp: Slot [3] registered
[    0.445093] acpiphp: Slot [4] registered
[    0.448005] acpiphp: Slot [5] registered
[    0.450614] acpiphp: Slot [6] registered
[    0.452253] acpiphp: Slot [7] registered
[    0.454908] acpiphp: Slot [8] registered
[    0.456261] acpiphp: Slot [9] registered
[    0.459527] acpiphp: Slot [10] registered
[    0.460255] acpiphp: Slot [11] registered
[    0.462882] acpiphp: Slot [12] registered
[    0.464281] acpiphp: Slot [13] registered
[    0.467650] acpiphp: Slot [14] registered
[    0.468257] acpiphp: Slot [15] registered
[    0.470977] acpiphp: Slot [16] registered
[    0.472348] acpiphp: Slot [17] registered
[    0.475445] acpiphp: Slot [18] registered
[    0.476263] acpiphp: Slot [19] registered
[    0.479084] acpiphp: Slot [20] registered
[    0.480253] acpiphp: Slot [21] registered
[    0.482726] acpiphp: Slot [22] registered
[    0.484241] acpiphp: Slot [23] registered
[    0.486758] acpiphp: Slot [24] registered
[    0.488334] acpiphp: Slot [25] registered
[    0.491418] acpiphp: Slot [26] registered
[    0.492245] acpiphp: Slot [27] registered
[    0.495131] acpiphp: Slot [28] registered
[    0.496249] acpiphp: Slot [29] registered
[    0.498713] acpiphp: Slot [30] registered
[    0.500235] acpiphp: Slot [31] registered
[    0.502684] PCI host bridge to bus 0000:00
[    0.504009] pci_bus 0000:00: root bus resource [io  0x0000-0x0cf7 window]
[    0.507500] pci_bus 0000:00: root bus resource [io  0x0d00-0xffff window]
[    0.508006] pci_bus 0000:00: root bus resource [mem 0x000a0000-0x000bffff window]
[    0.512000] pci_bus 0000:00: root bus resource [mem 0xf0000000-0xfbffffff window]
[    0.512008] pci_bus 0000:00: root bus resource [bus 00-ff]
[    0.519476] pci 0000:00:01.1: legacy IDE quirk: reg 0x10: [io  0x01f0-0x01f7]
[    0.520007] pci 0000:00:01.1: legacy IDE quirk: reg 0x14: [io  0x03f6]
[    0.523348] pci 0000:00:01.1: legacy IDE quirk: reg 0x18: [io  0x0170-0x0177]
[    0.524006] pci 0000:00:01.1: legacy IDE quirk: reg 0x1c: [io  0x0376]
[    0.527968] * Found PM-Timer Bug on the chipset. Due to workarounds for a bug,
[    0.527968] * this clock source is slow. Consider trying other clock sources
[    0.528959] pci 0000:00:01.3: quirk: [io  0xb000-0xb03f] claimed by PIIX4 ACPI
[    0.537748] ACPI: PCI Interrupt Link [LNKA] (IRQs *5 10 11)
[    0.542676] ACPI: PCI Interrupt Link [LNKB] (IRQs 5 *10 11)
[    0.546602] ACPI: PCI Interrupt Link [LNKC] (IRQs 5 10 *11)
[    0.550668] ACPI: PCI Interrupt Link [LNKD] (IRQs *5 10 11)
[    0.567774] ACPI: Enabled 2 GPEs in block 00 to 0F
[    0.568081] xen:balloon: Initialising balloon driver
[    0.572106] vgaarb: setting as boot device: PCI:0000:00:02.0
[    0.576005] vgaarb: device added: PCI:0000:00:02.0,decodes=io+mem,owns=io+mem,locks=none
[    0.580040] vgaarb: loaded
[    0.581951] vgaarb: bridge control possible 0000:00:02.0
[    0.584488] PCI: Using ACPI for IRQ routing
[    0.588024] NetLabel: Initializing
[    0.592011] NetLabel:  domain hash size = 128
[    0.594409] NetLabel:  protocols = UNLABELED CIPSOv4
[    0.596017] NetLabel:  unlabeled traffic allowed by default
[    0.598883] HPET: 3 timers in total, 0 timers will be used for per-cpu timer
[    0.600016] hpet0: at MMIO 0xfed00000, IRQs 2, 8, 0
[    0.604007] hpet0: 3 comparators, 64-bit 62.500000 MHz counter
[    0.612018] clocksource: Switched to clocksource xen
[    0.620426] VFS: Disk quotas dquot_6.6.0
[    0.622871] VFS: Dquot-cache hash table entries: 512 (order 0, 4096 bytes)
[    0.626437] pnp: PnP ACPI init
[    0.628426] system 00:00: [mem 0x00000000-0x0009ffff] could not be reserved
[    0.632067] system 00:01: [io  0x08a0-0x08a3] has been reserved
[    0.635309] system 00:01: [io  0x0cc0-0x0ccf] has been reserved
[    0.638417] system 00:01: [io  0x04d0-0x04d1] has been reserved
[    0.641945] system 00:07: [io  0x10c0-0x1141] has been reserved
[    0.644965] system 00:07: [io  0xb044-0xb047] has been reserved
[    0.661982] pnp: PnP ACPI: found 8 devices
[    0.670626] clocksource: acpi_pm: mask: 0xffffff max_cycles: 0xffffff, max_idle_ns: 2085701024 ns
[    0.675800] NET: Registered protocol family 2
[    0.678571] TCP established hash table entries: 32768 (order: 6, 262144 bytes)
[    0.682547] TCP bind hash table entries: 32768 (order: 7, 524288 bytes)
[    0.685910] TCP: Hash tables configured (established 32768 bind 32768)
[    0.689215] UDP hash table entries: 2048 (order: 4, 65536 bytes)
[    0.692328] UDP-Lite hash table entries: 2048 (order: 4, 65536 bytes)
[    0.695725] NET: Registered protocol family 1
[    0.698156] pci 0000:00:00.0: Limiting direct PCI/PCI transfers
[    0.701294] pci 0000:00:01.0: PIIX3: Enabling Passive Release
[    0.705112] pci 0000:00:01.0: Activating ISA DMA hang workarounds
[    0.709291] pci 0000:00:02.0: Video device with shadowed ROM at [mem 0x000c0000-0x000dffff]
[    0.713912] Unpacking initramfs...
[    0.902684] Freeing initrd memory: 12952K
[    0.906261] PCI-DMA: Using software bounce buffering for IO (SWIOTLB)
[    0.911734] software IO TLB [mem 0xec000000-0xf0000000] (64MB) mapped at [ffff8800ec000000-ffff8800efffffff]
[    0.919772] audit: initializing netlink subsys (disabled)
[    0.924196] audit: type=2000 audit(1517883230.419:1): initialized
[    0.928121] Initialise system trusted keyrings
[    0.932017] workingset: timestamp_bits=36 max_order=20 bucket_order=0
[    0.974351] Key type asymmetric registered
[    0.978166] Asymmetric key parser 'x509' registered
[    0.982301] Block layer SCSI generic (bsg) driver version 0.4 loaded (major 254)
[    0.989185] io scheduler noop registered (default)
[    0.993175] pci_hotplug: PCI Hot Plug PCI Core version: 0.5
[    0.996559] pciehp: PCI Express Hot Plug Controller Driver version: 0.4
[    1.000885] xen:grant_table: Grant tables using version 1 layout
[    1.004454] Grant table initialized
[    1.006993] Cannot get hvm parameter CONSOLE_EVTCHN (18): -22!
[    1.010490] Serial: 8250/16550 driver, 4 ports, IRQ sharing disabled
[    1.044642] 00:06: ttyS0 at I/O 0x3f8 (irq = 4, base_baud = 115200) is a 16550A
[    1.051414] xen_netfront: Initialising Xen virtual ethernet driver
[    1.057168] i8042: PNP: PS/2 Controller [PNP0303:PS2K,PNP0f13:PS2M] at 0x60,0x64 irq 1,12
[    1.069460] serio: i8042 KBD port at 0x60,0x64 irq 1
[    1.073808] serio: i8042 AUX port at 0x60,0x64 irq 12
[    1.078014] hidraw: raw HID events driver (C) Jiri Kosina
[    1.084822] Invalid max_queues (4), will use default max: 2.
[    1.090443] input: AT Translated Set 2 keyboard as /devices/platform/i8042/serio0/input/input0
[    1.097674] NET: Registered protocol family 17
[    1.100963] microcode: sig=0x306f2, pf=0x1, revision=0x3b
[    1.104615] microcode: Microcode Update Driver: v2.01 <tigran@aivazian.fsnet.co.uk>, Peter Oruba
[    1.110680] registered taskstats version 1
[    1.113488] Loading compiled-in X.509 certificates
[    1.118246] alg: No test for pkcs1pad(rsa,sha256) (pkcs1pad(rsa-generic,sha256))
[    1.126048] Loaded X.509 cert 'Build time autogenerated kernel key: 90a8ce1f8c89128b6c9d51818805938ea4d0459c'
[    1.136122] zswap: default zpool zbud not available
[    1.140536] zswap: pool creation failed
[    1.146985] blkfront: xvda: barrier or flush: disabled; persistent grants: disabled; indirect descriptors: enabled;
[    1.156704]  xvda: xvda1
[    1.160418] blkfront: xvdcz: barrier or flush: disabled; persistent grants: disabled; indirect descriptors: enabled;
[    1.249896] Freeing unused kernel memory: 1280K
[    1.254216] Write protecting the kernel read-only data: 10240k
[    1.257909] Freeing unused kernel memory: 632K
[    1.263850] Freeing unused kernel memory: 1624K
[    1.281096] dm_mod: module verification failed: signature and/or required key missing - tainting kernel
[    1.287502] device-mapper: uevent: version 1.0.3
[    1.290645] device-mapper: ioctl: 4.35.0-ioctl (2016-06-23) initialised: dm-devel@redhat.com
[    1.298548] udevd[841]: starting version 173
[    1.325152] SCSI subsystem initialized
[    1.338637] scsi host0: ata_piix
[    1.350265] scsi host1: ata_piix
[    1.354575] ata1: PATA max MWDMA2 cmd 0x1f0 ctl 0x3f6 bmdma 0xc100 irq 14
[    1.358520] ata2: PATA max MWDMA2 cmd 0x170 ctl 0x376 bmdma 0xc108 irq 15
growroot: NOCHANGE: disk=/dev/xvda partition=1: size=16773086, it cannot be grown
[    1.562604] EXT4-fs (xvda1): mounted filesystem with ordered data mode. Opts: (null)
[    1.584582] dracut: Remounting /dev/disk/by-label/\x2f with -o noatime,ro
[    1.591099] EXT4-fs (xvda1): mounted filesystem with ordered data mode. Opts: (null)
[    1.597497] dracut: Mounted root filesystem /dev/xvda1
[    1.603607] dracut: Loading SELinux policy
[    1.637015] dracut: /sbin/load_policy: Can't load policy: No such device
[    1.666424] dracut: Switching root
image_name="amzn-ami-ecs-hvm"
image_version="2017.09"
image_arch="x86_64"
image_file="amzn-ami-ecs-hvm-2017.09.g.x86_64.ext4.gpt"
image_stamp="87b8-34b7"
image_date="20180116204218"
recipe_name="amzn ami"
recipe_id="5f26c831-e08c-efa8-a076-7c1e-49fe-8e4e-177afc38"
		Welcome to Amazon Linux AMI
Starting udev: [    1.805843] udevd[1602]: starting version 173
[    1.832975] input: Power Button as /devices/LNXSYSTM:00/LNXPWRBN:00/input/input3
[    1.837074] ACPI: Power Button [PWRF]
[    1.858741] input: ImExPS/2 Generic Explorer Mouse as /devices/platform/i8042/serio1/input/input5
[    1.865442] input: Sleep Button as /devices/LNXSYSTM:00/LNXSLPBN:00/input/input4
[    1.869428] ACPI: Sleep Button [SLPF]
[    1.920137] tsc: Refined TSC clocksource calibration: 2400.000 MHz
[    1.924181] clocksource: tsc: mask: 0xffffffffffffffff max_cycles: 0x22983777dd9, max_idle_ns: 440795300422 ns
[    1.932656] mousedev: PS/2 mouse device common for all mice
[  OK  ]

Setting hostname localhost.localdomain:  [  OK  ]

Setting up Logical Volume Management:   WARNING: Failed to connect to lvmetad. Falling back to device scanning.
[  OK  ]

Checking filesystems
Checking all file systems.
[/sbin/fsck.ext4 (1) -- /] fsck.ext4 -a /dev/xvda1
/: clean, 17459/524288 files, 235956/2096635 blocks
[  OK  ]

Remounting root filesystem in read-write mode:  [    2.974089] EXT4-fs (xvda1): re-mounted. Opts: (null)
[  OK  ]

Mounting local filesystems:  [  OK  ]

Enabling /etc/fstab swaps:  [  OK  ]

Entering non-interactive startup
Starting LVM metadata daemon: [  OK  ]

Starting LVM poll daemon: [  OK  ]

[    3.145973] NET: Registered protocol family 10
Bringing up loopback interface:  [  OK  ]

Bringing up interface eth0:
Determining IP information for eth0...[    3.350366] random: crng init done
 done.

Determining IPv6 information for eth0... done.
[  OK  ]

Starting auditd: [    5.324015] audit: type=1305 audit(1517883234.815:2): audit_pid=2320 old=0 auid=4294967295 ses=4294967295 res=1
[  OK  ]

Starting system logger: [  OK  ]

Starting rngd: Unable to open file: /dev/hwrng
[  OK  ]

Mounting filesystems:  [  OK  ]

Starting acpi daemon: [  OK  ]

Retrigger failed udev events--type=failed is deprecated and will be removed from a future udev release.
[  OK  ]

Starting cloud-init: Cloud-init v. 0.7.6 running 'init-local' at Tue, 06 Feb 2018 02:13:55 +0000. Up 6.10 seconds.
Starting cloud-init: Cloud-init v. 0.7.6 running 'init' at Tue, 06 Feb 2018 02:13:55 +0000. Up 6.29 seconds.
ci-info: ++++++++++++++++++++++++Net device info++++++++++++++++++++++++
ci-info:  Device   Up      Address          Mask          Hw-Address
ci-info:    lo    True    127.0.0.1      255.0.0.0            .
ci-info:   eth0   True  10.192.20.219  255.255.255.0  06:28:44:ef:89:fe
ci-info: +++++++++++++++++++++++++++++++Route info+++++++++++++++++++++++++++++++
ci-info:  Route    Destination      Gateway        Genmask      Interface  Flags
ci-info:    0        0.0.0.0      10.192.20.1      0.0.0.0         eth0      UG
ci-info:    1      10.192.20.0      0.0.0.0     255.255.255.0      eth0      U
ci-info:    2    169.254.169.254    0.0.0.0    255.255.255.255     eth0      UH
INFO: EXTRA_DOCKER_STORAGE_OPTIONS is deprecated, please use EXTRA_STORAGE_OPTIONS
INFO: Volume group backing root filesystem could not be determined
File descriptor 6 (/var/log/cloud-init.log) leaked on vgs invocation. Parent PID 2426: /bin/bash
[    7.533230]  xvdcz:
[    7.538589]  xvdcz: xvdcz1
[    7.546254]  xvdcz: xvdcz1
[    7.550316]  xvdcz: xvdcz1
INFO: Device node /dev/xvdcz1 exists.
File descriptor 6 (/var/log/cloud-init.log) leaked on pvcreate invocation. Parent PID 2426: /bin/bash
  Physical volume "/dev/xvdcz1" successfully created.
File descriptor 6 (/var/log/cloud-init.log) leaked on vgcreate invocation. Parent PID 2426: /bin/bash
  Volume group "docker" successfully created
File descriptor 6 (/var/log/cloud-init.log) leaked on vgs invocation. Parent PID 2426: /bin/bash
File descriptor 6 (/var/log/cloud-init.log) leaked on lvs invocation. Parent PID 2556: /bin/bash
File descriptor 6 (/var/log/cloud-init.log) leaked on vgs invocation. Parent PID 2426: /bin/bash
File descriptor 6 (/var/log/cloud-init.log) leaked on vgs invocation. Parent PID 2564: /bin/bash
File descriptor 6 (/var/log/cloud-init.log) leaked on vgs invocation. Parent PID 2426: /bin/bash
File descriptor 6 (/var/log/cloud-init.log) leaked on lvcreate invocation. Parent PID 2426: /bin/bash
  Using default stripesize 64.00 KiB.
  Rounding up size to full physical extent 24.00 MiB
[    7.901780] device-mapper: thin: Data device (dm-1) discard unsupported: Disabling discard passdown.
  Logical volume "docker-pool" created.
File descriptor 6 (/var/log/cloud-init.log) leaked on lvs invocation. Parent PID 2616: /bin/bash
File descriptor 6 (/var/log/cloud-init.log) leaked on lvm invocation. Parent PID 2668: /bin/bash
File descriptor 6 (/var/log/cloud-init.log) leaked on lvchange invocation. Parent PID 2426: /bin/bash
  Logical volume docker/docker-pool changed.
Generating public/private rsa key pair.
Your identification has been saved in /etc/ssh/ssh_host_rsa_key.
Your public key has been saved in /etc/ssh/ssh_host_rsa_key.pub.
The key fingerprint is:
SHA256:Gbe+dzhqoiCRYLZXK2+kOFlTu+OVSIxh4TdaXKQ+j0g root@ip-10-192-20-219
The key's randomart image is:
+---[RSA 2048]----+
|   .  .o         |
|  . o o          |
|.o + O  . .      |
|o.o.@ +  + .     |
| .oE O  S .      |
|  *.O * ..       |
| +.o.B +  .  .   |
|  ..o.o . ..+ .  |
|     ... ooo o   |
+----[SHA256]-----+
Generating public/private dsa key pair.
Your identification has been saved in /etc/ssh/ssh_host_dsa_key.
Your public key has been saved in /etc/ssh/ssh_host_dsa_key.pub.
The key fingerprint is:
SHA256:H2o1LDbCnfaJVKNKNHfewTna3fT9W9fAC0osboFdYLU root@ip-10-192-20-219
The key's randomart image is:
+---[DSA 1024]----+
|        o..      |
|       . . o .   |
|      o . E =   .|
|     o * X = = oo|
|      = S X + + +|
|     . B % = . oo|
|      . * =   . =|
|       o        +|
|               . |
+----[SHA256]-----+
Generating public/private ecdsa key pair.
Your identification has been saved in /etc/ssh/ssh_host_ecdsa_key.
Your public key has been saved in /etc/ssh/ssh_host_ecdsa_key.pub.
The key fingerprint is:
SHA256:nUe5Efl9WPSkTiIgx+xdngZgbYSmx6OHt/FQrtWRyPs root@ip-10-192-20-219
The key's randomart image is:
+---[ECDSA 256]---+
|      .o==. .. .o|
|       +=.+ oo oo|
|       = +.==+o+.|
|      . =.=+**o o|
|       +S+o+o.. .|
|      o = +..    |
|       o B .     |
|        o . E    |
|                 |
+----[SHA256]-----+
Starting cloud-init: Cloud-init v. 0.7.6 running 'modules:config' at Tue, 06 Feb 2018 02:13:58 +0000. Up 8.74 seconds.
Loaded plugins: priorities, update-motd, upgrade-helper
No packages needed for security; 0 packages available
No packages marked for update
Generating SSH2 ED25519 host key: [  OK  ]

Starting sshd: [  OK  ]

ntpdate: Synchronizing with time server: [  OK  ]

Starting ntpd: [  OK  ]

Starting sendmail: [  OK  ]

Starting sm-client: [  OK  ]

Starting crond: [  OK  ]

Starting cgconfig service: [  OK  ]

Starting docker:	.[  OK  ]

Starting cloud-init: Cloud-init v. 0.7.6 running 'modules:final' at Tue, 06 Feb 2018 02:14:14 +0000. Up 23.97 seconds.
Loaded plugins: priorities, update-motd, upgrade-helper
Resolving Dependencies
--> Running transaction check
---> Package kernel.x86_64 0:4.9.77-31.58.amzn1 will be installed
--> Finished Dependency Resolution

Dependencies Resolved

================================================================================
 Package      Arch         Version                     Repository          Size
================================================================================
Installing:
 kernel       x86_64       4.9.77-31.58.amzn1          amzn-updates        18 M

Transaction Summary
================================================================================
Install  1 Package

Total download size: 18 M
Installed size: 73 M
Downloading packages:
[   28.117852] bridge: filtering via arp/ip/ip6tables is no longer available by default. Update your scripts to load br_netfilter if you need this.
[   28.126910] Bridge firewalling registered
[   28.187037] nf_conntrack version 0.5.0 (16384 buckets, 65536 max)
[   28.500730] ip_tables: (C) 2000-2006 Netfilter Core Team
[   28.597446] Initializing XFRM netlink socket
[   28.605191] Netfilter messages via NETLINK v0.30.
[   28.610104] ctnetlink v0.93: registering with nfnetlink.
[   28.646116] IPv6: ADDRCONF(NETDEV_UP): docker0: link is not ready
Running transaction check
Running transaction test
Transaction test succeeded
Running transaction
  Installing : kernel-4.9.77-31.58.amzn1.x86_64                             1/1
  Verifying  : kernel-4.9.77-31.58.amzn1.x86_64                             1/1

Installed:
  kernel.x86_64 0:4.9.77-31.58.amzn1

Complete!
Loaded plugins: priorities, update-motd, upgrade-helper
Existing lock /var/run/yum.pid: another copy is running as pid 7202.
Another app is currently holding the yum lock; waiting for it to exit...
  The other application is: yum
    Memory :  37 M RSS (284 MB VSZ)
    Started: Tue Feb  6 02:14:38 2018 - 00:01 ago
    State  : Running, pid: 7202
Resolving Dependencies
--> Running transaction check
---> Package aws-cli.noarch 0:1.14.9-1.48.amzn1 will be installed
--> Processing Dependency: python27-jmespath = 0.9.2 for package: aws-cli-1.14.9-1.48.amzn1.noarch
--> Processing Dependency: python27-botocore = 1.8.13 for package: aws-cli-1.14.9-1.48.amzn1.noarch
--> Processing Dependency: python27-rsa >= 3.1.2-4.7 for package: aws-cli-1.14.9-1.48.amzn1.noarch
--> Processing Dependency: python27-futures >= 2.2.0 for package: aws-cli-1.14.9-1.48.amzn1.noarch
--> Processing Dependency: python27-docutils >= 0.10 for package: aws-cli-1.14.9-1.48.amzn1.noarch
--> Processing Dependency: python27-colorama >= 0.2.5 for package: aws-cli-1.14.9-1.48.amzn1.noarch
--> Processing Dependency: /etc/mime.types for package: aws-cli-1.14.9-1.48.amzn1.noarch
---> Package awslogs.noarch 0:1.1.4-1.12.amzn1 will be installed
--> Processing Dependency: aws-cli-plugin-cloudwatch-logs(python27) for package: awslogs-1.1.4-1.12.amzn1.noarch
---> Package jq.x86_64 0:1.5-1.2.amzn1 will be installed
--> Processing Dependency: jq-libs(x86-64) = 1.5-1.2.amzn1 for package: jq-1.5-1.2.amzn1.x86_64
--> Processing Dependency: oniguruma for package: jq-1.5-1.2.amzn1.x86_64
--> Processing Dependency: libonig.so.2()(64bit) for package: jq-1.5-1.2.amzn1.x86_64
--> Processing Dependency: libjq.so.1()(64bit) for package: jq-1.5-1.2.amzn1.x86_64
--> Running transaction check
---> Package aws-cli-plugin-cloudwatch-logs.noarch 0:1.4.4-1.16.amzn1 will be installed
--> Processing Dependency: python27-dateutil >= 2.1 for package: aws-cli-plugin-cloudwatch-logs-1.4.4-1.16.amzn1.noarch
---> Package jq-libs.x86_64 0:1.5-1.2.amzn1 will be installed
---> Package mailcap.noarch 0:2.1.31-2.7.amzn1 will be installed
---> Package oniguruma.x86_64 0:5.9.1-3.1.2.amzn1 will be installed
---> Package python27-botocore.noarch 0:1.8.13-1.66.amzn1 will be installed
---> Package python27-colorama.noarch 0:0.2.5-1.7.amzn1 will be installed
---> Package python27-docutils.noarch 0:0.11-1.15.amzn1 will be installed
--> Processing Dependency: python27-imaging for package: python27-docutils-0.11-1.15.amzn1.noarch
---> Package python27-futures.noarch 0:3.0.3-1.3.amzn1 will be installed
---> Package python27-jmespath.noarch 0:0.9.2-1.12.amzn1 will be installed
--> Processing Dependency: python27-ply >= 3.4 for package: python27-jmespath-0.9.2-1.12.amzn1.noarch
---> Package python27-rsa.noarch 0:3.4.1-1.8.amzn1 will be installed
--> Processing Dependency: python27-pyasn1 >= 0.1.3 for package: python27-rsa-3.4.1-1.8.amzn1.noarch
--> Running transaction check
---> Package python27-dateutil.noarch 0:2.1-1.3.amzn1 will be installed
---> Package python27-imaging.x86_64 0:1.1.6-19.9.amzn1 will be installed
--> Processing Dependency: libjpeg.so.62(LIBJPEG_6.2)(64bit) for package: python27-imaging-1.1.6-19.9.amzn1.x86_64
--> Processing Dependency: libjpeg.so.62()(64bit) for package: python27-imaging-1.1.6-19.9.amzn1.x86_64
--> Processing Dependency: libfreetype.so.6()(64bit) for package: python27-imaging-1.1.6-19.9.amzn1.x86_64
---> Package python27-ply.noarch 0:3.4-3.12.amzn1 will be installed
---> Package python27-pyasn1.noarch 0:0.1.7-2.9.amzn1 will be installed
--> Running transaction check
---> Package freetype.x86_64 0:2.3.11-15.14.amzn1 will be installed
---> Package libjpeg-turbo.x86_64 0:1.2.90-5.14.amzn1 will be installed
--> Finished Dependency Resolution

Dependencies Resolved

================================================================================
 Package                        Arch   Version               Repository    Size
================================================================================
Installing:
 aws-cli                        noarch 1.14.9-1.48.amzn1     amzn-updates 1.2 M
 awslogs                        noarch 1.1.4-1.12.amzn1      amzn-updates 9.2 k
 jq                             x86_64 1.5-1.2.amzn1         amzn-main     44 k
Installing for dependencies:
 aws-cli-plugin-cloudwatch-logs noarch 1.4.4-1.16.amzn1      amzn-updates  71 k
 freetype                       x86_64 2.3.11-15.14.amzn1    amzn-main    398 k
 jq-libs                        x86_64 1.5-1.2.amzn1         amzn-main    121 k
 libjpeg-turbo                  x86_64 1.2.90-5.14.amzn1     amzn-main    144 k
 mailcap                        noarch 2.1.31-2.7.amzn1      amzn-main     27 k
 oniguruma                      x86_64 5.9.1-3.1.2.amzn1     amzn-main    149 k
 python27-botocore              noarch 1.8.13-1.66.amzn1     amzn-updates 4.1 M
 python27-colorama              noarch 0.2.5-1.7.amzn1       amzn-main     23 k
 python27-dateutil              noarch 2.1-1.3.amzn1         amzn-main     92 k
 python27-docutils              noarch 0.11-1.15.amzn1       amzn-main    1.9 M
 python27-futures               noarch 3.0.3-1.3.amzn1       amzn-main     30 k
 python27-imaging               x86_64 1.1.6-19.9.amzn1      amzn-main    428 k
 python27-jmespath              noarch 0.9.2-1.12.amzn1      amzn-main     46 k
 python27-ply                   noarch 3.4-3.12.amzn1        amzn-main    158 k
 python27-pyasn1                noarch 0.1.7-2.9.amzn1       amzn-main    112 k
 python27-rsa                   noarch 3.4.1-1.8.amzn1       amzn-main     80 k

Transaction Summary
================================================================================
Install  3 Packages (+16 Dependent packages)

Total download size: 9.0 M
Installed size: 42 M
Downloading packages:
--------------------------------------------------------------------------------
Total                                              2.3 MB/s | 9.0 MB  00:03
Running transaction check
Running transaction test
Transaction test succeeded
Running transaction
  Installing : oniguruma-5.9.1-3.1.2.amzn1.x86_64                          1/19
  Installing : python27-dateutil-2.1-1.3.amzn1.noarch                      2/19
  Installing : jq-libs-1.5-1.2.amzn1.x86_64                                3/19
  Installing : mailcap-2.1.31-2.7.amzn1.noarch                             4/19
  Installing : python27-colorama-0.2.5-1.7.amzn1.noarch                    5/19
  Installing : libjpeg-turbo-1.2.90-5.14.amzn1.x86_64                      6/19
  Installing : python27-ply-3.4-3.12.amzn1.noarch                          7/19
  Installing : python27-jmespath-0.9.2-1.12.amzn1.noarch                   8/19
  Installing : python27-pyasn1-0.1.7-2.9.amzn1.noarch                      9/19
  Installing : python27-rsa-3.4.1-1.8.amzn1.noarch                        10/19
  Installing : python27-futures-3.0.3-1.3.amzn1.noarch                    11/19
  Installing : freetype-2.3.11-15.14.amzn1.x86_64                         12/19
  Installing : python27-imaging-1.1.6-19.9.amzn1.x86_64                   13/19
  Installing : python27-docutils-0.11-1.15.amzn1.noarch                   14/19
  Installing : python27-botocore-1.8.13-1.66.amzn1.noarch                 15/19
  Installing : aws-cli-1.14.9-1.48.amzn1.noarch                           16/19
  Installing : aws-cli-plugin-cloudwatch-logs-1.4.4-1.16.amzn1.noarch     17/19
  Installing : awslogs-1.1.4-1.12.amzn1.noarch                            18/19
  Installing : jq-1.5-1.2.amzn1.x86_64                                    19/19
  Verifying  : awslogs-1.1.4-1.12.amzn1.noarch                             1/19
  Verifying  : python27-dateutil-2.1-1.3.amzn1.noarch                      2/19
  Verifying  : freetype-2.3.11-15.14.amzn1.x86_64                          3/19
  Verifying  : python27-rsa-3.4.1-1.8.amzn1.noarch                         4/19
  Verifying  : jq-libs-1.5-1.2.amzn1.x86_64                                5/19
  Verifying  : aws-cli-plugin-cloudwatch-logs-1.4.4-1.16.amzn1.noarch      6/19
  Verifying  : python27-futures-3.0.3-1.3.amzn1.noarch                     7/19
  Verifying  : oniguruma-5.9.1-3.1.2.amzn1.x86_64                          8/19
  Verifying  : python27-pyasn1-0.1.7-2.9.amzn1.noarch                      9/19
  Verifying  : python27-ply-3.4-3.12.amzn1.noarch                         10/19
  Verifying  : libjpeg-turbo-1.2.90-5.14.amzn1.x86_64                     11/19
  Verifying  : python27-colorama-0.2.5-1.7.amzn1.noarch                   12/19
  Verifying  : python27-docutils-0.11-1.15.amzn1.noarch                   13/19
  Verifying  : python27-imaging-1.1.6-19.9.amzn1.x86_64                   14/19
  Verifying  : aws-cli-1.14.9-1.48.amzn1.noarch                           15/19
  Verifying  : python27-jmespath-0.9.2-1.12.amzn1.noarch                  16/19
  Verifying  : mailcap-2.1.31-2.7.amzn1.noarch                            17/19
  Verifying  : jq-1.5-1.2.amzn1.x86_64                                    18/19
  Verifying  : python27-botocore-1.8.13-1.66.amzn1.noarch                 19/19

Installed:
  aws-cli.noarch 0:1.14.9-1.48.amzn1      awslogs.noarch 0:1.1.4-1.12.amzn1
  jq.x86_64 0:1.5-1.2.amzn1

Dependency Installed:
  aws-cli-plugin-cloudwatch-logs.noarch 0:1.4.4-1.16.amzn1
  freetype.x86_64 0:2.3.11-15.14.amzn1
  jq-libs.x86_64 0:1.5-1.2.amzn1
  libjpeg-turbo.x86_64 0:1.2.90-5.14.amzn1
  mailcap.noarch 0:2.1.31-2.7.amzn1
  oniguruma.x86_64 0:5.9.1-3.1.2.amzn1
  python27-botocore.noarch 0:1.8.13-1.66.amzn1
  python27-colorama.noarch 0:0.2.5-1.7.amzn1
  python27-dateutil.noarch 0:2.1-1.3.amzn1
  python27-docutils.noarch 0:0.11-1.15.amzn1
  python27-futures.noarch 0:3.0.3-1.3.amzn1
  python27-imaging.x86_64 0:1.1.6-19.9.amzn1
  python27-jmespath.noarch 0:0.9.2-1.12.amzn1
  python27-ply.noarch 0:3.4-3.12.amzn1
  python27-pyasn1.noarch 0:0.1.7-2.9.amzn1
  python27-rsa.noarch 0:3.4.1-1.8.amzn1

Complete!
stop: Unknown instance:
[   57.725699] EXT4-fs (dm-3): mounted filesystem with ordered data mode. Opts: (null)
[   57.942385] EXT4-fs (dm-3): mounted filesystem with ordered data mode. Opts: (null)
[   58.255908] EXT4-fs (dm-3): mounted filesystem with ordered data mode. Opts: (null)
[   58.475330] EXT4-fs (dm-3): mounted filesystem with ordered data mode. Opts: (null)
[   58.686044] EXT4-fs (dm-3): mounted filesystem with ordered data mode. Opts: (null)
[   59.030266] EXT4-fs (dm-3): mounted filesystem with ordered data mode. Opts: (null)
ecs start/running, process 7376
ci-info: +++Authorized keys from /home/ec2-user/.ssh/authorized_keys for user ec2-user++++
ci-info:  Keytype                 Fingerprint (md5)                 Options    Comment
ci-info:  ssh-rsa  84:4e:10:94:30:fd:77:f7:8b:23:86:6e:3e:18:43:22     -     ecs_demo_key
ec2:
ec2: #############################################################
ec2: -----BEGIN SSH HOST KEY FINGERPRINTS-----
ec2: 1024 SHA256:H2o1LDbCnfaJVKNKNHfewTna3fT9W9fAC0osboFdYLU root@ip-10-192-20-219 (DSA)
ec2: 256 SHA256:nUe5Efl9WPSkTiIgx+xdngZgbYSmx6OHt/FQrtWRyPs root@ip-10-192-20-219 (ECDSA)
ec2: 256 SHA256:wOKPcYnO7LesuAF0HfDQuURU8TIDKVRJEgBhR/ufEZY no comment (ED25519)
ec2: 2048 SHA256:Gbe+dzhqoiCRYLZXK2+kOFlTu+OVSIxh4TdaXKQ+j0g root@ip-10-192-20-219 (RSA)
ec2: -----END SSH HOST KEY FINGERPRINTS-----
ec2: #############################################################
-----BEGIN SSH HOST KEY KEYS-----
ecdsa-sha2-nistp256 AAAAE2VjZHNhLXNoYTItbmlzdHAyNTYAAAAIbmlzdHAyNTYAAABBBCAUFDNtdfkmbOg88ZtSOxyyZ5LFAocnz/3ZAb8WcvjjgdLw9wVuCNKaHYp3kYVuYSaOH6hXPuf9vC/iGTzuGeI= root@ip-10-192-20-219
ssh-ed25519 AAAAC3NzaC1lZDI1NTE5AAAAIHke14WKDfiC6z4wRp4jGfO/dla4O0ocWRn7cQwJ6g6E
ssh-rsa AAAAB3NzaC1yc2EAAAADAQABAAABAQDts5Md7V9jPHKtLp4u5RfjQ/de16hOtO3CkQ5c5iPz+nq8VOc5PPikPWOMJqlXBbPtDBYA2wVFKXdtwMEvceX8iubIdJPAsSZyRvHWfam+sxTEM9Qo5tOYkY8mzj88rQjibuSvuTBAFGU2KYjEI2ILJo55Om/0n8N28JbgjsUVEunehPrzfw+pllu7xeZTRA3qdiYWCGmMoBvc8I/IfB2ifxF68m5UQ5A30xDDMekyhns9VDq5BJT2IYZwhvM9E0Bk/YvtnfkyqlG3tEMR6HCwIU54nHsWDoZWKCVjRnrcLkm16cFhc5eFCpj3tcTuAl2ahRaSFrsQQJ4J6EPcke9l root@ip-10-192-20-219
-----END SSH HOST KEY KEYS-----
Cloud-init v. 0.7.6 finished at Tue, 06 Feb 2018 02:14:49 +0000. Datasource DataSourceEc2.  Up 59.36 seconds
[   59.438547] EXT4-fs (dm-3): mounted filesystem with ordered data mode. Opts: (null)
[   59.590431] EXT4-fs (dm-3): mounted filesystem with ordered data mode. Opts: (null)
[   59.720458] EXT4-fs (dm-3): mounted filesystem with ordered data mode. Opts: (null)
[   59.853785] cgroup: docker-runc (7466) created nested cgroup for controller "memory" which has incomplete hierarchy support. Nested cgroups may change behavior in the future.
[   59.861615] cgroup: "memory" requires setting use_hierarchy to 1 on the root
[   60.225049] EXT4-fs (dm-4): mounted filesystem with ordered data mode. Opts: (null)


Amazon Linux AMI release 2017.09
Kernel 4.9.76-3.78.amzn1.x86_64 on an x86_64

ip-10-192-20-219 login: /dev/fd/10: line 1: /sbin/plymouthd: No such file or directory
initctl: Event failed
Stopping docker: [  OK  ]

stopping awslogs
Stopping awslogs: [  OK  ]

Stopping sshd:  [  OK  ]

Shutting down sm-client: [  OK  ]

Shutting down sendmail: [  OK  ]

Stopping crond: [  OK  ]

Stopping acpi daemon: [  OK  ]

Shutting down ntpd: [  OK  ]

Stopping block device availability: Deactivating block devices:
  [LVM]: deactivating Volume Group docker... done
[  OK  ]

Stopping auditd: [  922.308658] audit: type=1305 audit(1517884152.397:132): audit_pid=0 old=2320 auid=4294967295 ses=4294967295 res=1
[  OK  ]

[  922.404744] audit: type=1305 audit(1517884152.493:133): audit_enabled=0 old=1 auid=4294967295 ses=4294967295 res=1
Shutting down system logger: [  OK  ]

Shutting down interface eth0:  [  OK  ]

Shutting down loopback interface:  [  OK  ]

Stopping cgconfig service: [  OK  ]

Stopping monitoring for VG docker: [  OK  ]

Stopping rngd: [  OK  ]

Sending all processes the TERM signal... init: ecs post-stop process (7918) killed by TERM signal

[  OK  ]

Sending all processes the KILL signal... [  OK  ]

Saving random seed:  [  OK  ]

Unmounting file systems:  [  OK  ]

init: Re-executing /sbin/init

[  929.346134] EXT4-fs (xvda1): re-mounted. Opts: (null)
Halting system...
[  929.463568] ACPI: Preparing to enter system sleep state S5
[  929.466556] reboot: Power down
[  929.470200] acpi_power_off called
